HicOS 5.0 -- Hilbert-Lang Kernel
=== Kernel Init ===
  [ok] Serial: COM1 38400 8N1
  [ok] PIC: 8259A remapped (IRQ0=vec32, IRQ1=vec33)
  [ok] PIT: 100 Hz timer
  [ok] IDT: 256 vectors, ISR stubs at 0x210000
  [ok] Scancode table: PS/2 Set 1 loaded
  [ok] Timer ticks: active
  [ok] PCI: 5 device(s)
  [ok] VirtIO-blk: detected (PCI 1AF4:1001)
  [ok] VirtIO-blk: BAR0=0x0000C000 qsz=00000100
  [ok] VirtIO-blk: initialized (32 MB)
  [ok] Disk: sector 0 = EB 3C 90 48 49 43 4F 53 20 20 20 00 02 04 04 00 

  [ok] Disk: write+readback sector 100 verified
  [ok] VirtIO-net: detected (PCI 1AF4:1000)
  [ok] VirtIO-net: MAC=52:54:00:12:34:56
  [ok] VirtIO-net: ARP request sent (who-has 10.0.2.2)
  [ok] Memory: 8MB identity mapped
  [ok] VESA: 1024x768x32 LFB=FD000000
  [ok] VESA: framebuffer write/read verified
  [ok] Modules: 113 kernel, 27 userspace
=== Boot Complete (all subsystems nominal) ===
HicOS> BABABvesaA
VESA: 1024x768x32 drawn
HicOS> BABA